#,,,,,,,,,,,,,,,,,,,,,,,,,,,,,,,,"generated_by='OpenQuake engine 3.10.0-git4cf09a05cc', start_date='2020-07-14T06:57:53', checksum=771711086, kind='mean', investigation_time=1.0, imt='SA(1.0)'"
lon,lat,depth,poe-0.0100000,poe-0.0121736,poe-0.0148196,poe-0.0180407,poe-0.0219620,poe-0.0267356,poe-0.0325468,poe-0.0396210,poe-0.0482329,poe-0.0587167,poe-0.0714792,poe-0.0870157,poe-0.1059292,poe-0.1289537,poe-0.1569826,poe-0.1911039,poe-0.2326417,poe-0.2832080,poe-0.3447653,poe-0.4197025,poe-0.5109277,poe-0.6219815,poe-0.7571736,poe-0.9217506,poe-1.1220995,poe-1.3659958,poe-1.6629046,poe-2.0243486,poe-2.4643551,poe-3.0000000
-77.61460,8.44480,0.00000,2.298993E-03,1.786368E-03,1.365551E-03,1.025792E-03,7.563391E-04,5.467077E-04,3.869700E-04,2.678975E-04,1.811482E-04,1.194486E-04,7.666164E-05,4.775322E-05,2.878346E-05,1.676540E-05,9.423527E-06,5.091146E-06,2.628977E-06,1.288327E-06,5.915280E-07,2.484777E-07,9.171857E-08,2.810329E-08,6.702697E-09,1.131266E-09,1.155105E-10,5.985682E-12,1.380871E-13,1.303957E-15,0.000000E+00,0.000000E+00
