#,,,,,,,,,"generated_by='OpenQuake engine 3.8.0-git784eb9b41c', start_date='2019-11-21T05:38:32', checksum=4095491784, investigation_time=50.0, ses_per_logic_tree_path=2000"
rup_id,multiplicity,mag,centroid_lon,centroid_lat,centroid_depth,trt,strike,dip,rake
0,7,7.900000E+00,1.396160E+02,3.541300E+01,1.850000E+01,Subduction Interface,NAN,NAN,9.000000E+01
1,3,8.200000E+00,1.408590E+02,3.530100E+01,1.920000E+01,Subduction Interface,NAN,NAN,9.000000E+01
2,11,8.000000E+00,1.395880E+02,3.532400E+01,1.580000E+01,Subduction Interface,NAN,NAN,9.000000E+01
3,1,8.300000E+00,1.408590E+02,3.509900E+01,1.550000E+01,Subduction Interface,NAN,NAN,9.000000E+01
4,1,8.500000E+00,1.403340E+02,3.550300E+01,2.510000E+01,Subduction Interface,NAN,NAN,9.000000E+01
5,1,8.600000E+00,1.403890E+02,3.534600E+01,2.200000E+01,Subduction Interface,NAN,NAN,9.000000E+01
6,6,7.900000E+00,1.405550E+02,3.507600E+01,1.580000E+01,Subduction Interface,NAN,NAN,9.000000E+01
