#,,,,,,,,,,,"generated_by='OpenQuake engine 3.9.0-git4635b29844', start_date='2020-01-24T09:26:25', checksum=3719331686, kind='mean', investigation_time=50.0, imt='MMI'"
lon,lat,depth,poe-4.0000000,poe-5.0000000,poe-6.0000000,poe-7.0000000,poe-8.0000000,poe-9.0000000,poe-10.0000000,poe-11.0000000,poe-12.0000000
69.24415,41.30912,0.00000,2.811387E-05,0.000000E+00,0.000000E+00,0.000000E+00,0.000000E+00,0.000000E+00,0.000000E+00,0.000000E+00,0.000000E+00
