#,,,,,,,,,,,,,,,,,,,,,,,,,,,,,,,,,,,,,,,,,,,,,,,"generated_by='OpenQuake engine 3.10.0-git68f1076874', start_date='2020-07-14T06:36:47', checksum=47086939, kind='mean', investigation_time=50.0, imt='SA(0.2)'"
lon,lat,depth,poe-0.0050000,poe-0.0057376,poe-0.0065840,poe-0.0075552,poe-0.0086698,poe-0.0099487,poe-0.0114163,poe-0.0131004,poe-0.0150330,poe-0.0172506,poe-0.0197953,poe-0.0227155,poe-0.0260664,poe-0.0299117,poe-0.0343242,poe-0.0393876,poe-0.0451980,poe-0.0518655,poe-0.0595165,poe-0.0682963,poe-0.0783711,poe-0.0899323,poe-0.1031988,poe-0.1184225,poe-0.1358919,poe-0.1559383,poe-0.1789419,poe-0.2053390,poe-0.2356300,poe-0.2703896,poe-0.3102768,poe-0.3560480,poe-0.4085713,poe-0.4688427,poe-0.5380052,poe-0.6173704,poe-0.7084434,poe-0.8129511,poe-0.9328756,poe-1.0704911,poe-1.2284072,poe-1.4096188,poe-1.6175622,poe-1.8561809,poe-2.1300000
0.00000,0.00000,0.00000,9.999948E-01,9.999948E-01,9.999948E-01,9.999948E-01,9.999947E-01,9.999946E-01,9.999944E-01,9.999941E-01,9.999936E-01,9.999927E-01,9.999912E-01,9.999889E-01,9.999847E-01,9.999772E-01,9.999632E-01,9.999357E-01,9.998795E-01,9.997610E-01,9.995062E-01,9.989578E-01,9.977936E-01,9.953963E-01,9.906742E-01,9.818777E-01,9.665151E-01,9.415087E-01,9.037020E-01,8.507126E-01,7.818444E-01,6.987070E-01,6.051961E-01,5.069433E-01,4.100672E-01,3.201183E-01,2.411759E-01,1.753872E-01,1.230542E-01,8.342858E-02,5.458782E-02,3.436428E-02,2.078736E-02,1.203446E-02,6.682642E-03,3.504406E-03,1.742004E-03
