#,,,,,,,,,,,,,,,,,,,,,,,,,,,,,,,,,,,,,,,,,,,,,,,"generated_by='OpenQuake engine 3.10.0-git68f1076874', start_date='2020-07-14T06:36:47', checksum=47086939, kind='mean', investigation_time=50.0, imt='SA(0.05)'"
lon,lat,depth,poe-0.0050000,poe-0.0057376,poe-0.0065840,poe-0.0075552,poe-0.0086698,poe-0.0099487,poe-0.0114163,poe-0.0131004,poe-0.0150330,poe-0.0172506,poe-0.0197953,poe-0.0227155,poe-0.0260664,poe-0.0299117,poe-0.0343242,poe-0.0393876,poe-0.0451980,poe-0.0518655,poe-0.0595165,poe-0.0682963,poe-0.0783711,poe-0.0899323,poe-0.1031988,poe-0.1184225,poe-0.1358919,poe-0.1559383,poe-0.1789419,poe-0.2053390,poe-0.2356300,poe-0.2703896,poe-0.3102768,poe-0.3560480,poe-0.4085713,poe-0.4688427,poe-0.5380052,poe-0.6173704,poe-0.7084434,poe-0.8129511,poe-0.9328756,poe-1.0704911,poe-1.2284072,poe-1.4096188,poe-1.6175622,poe-1.8561809,poe-2.1300000
0.00000,0.00000,0.00000,9.999946E-01,9.999945E-01,9.999942E-01,9.999939E-01,9.999931E-01,9.999921E-01,9.999903E-01,9.999872E-01,9.999821E-01,9.999726E-01,9.999550E-01,9.999205E-01,9.998510E-01,9.997076E-01,9.994088E-01,9.987891E-01,9.975288E-01,9.950479E-01,9.903735E-01,9.820160E-01,9.679240E-01,9.456026E-01,9.124622E-01,8.663533E-01,8.061763E-01,7.324191E-01,6.473333E-01,5.548356E-01,4.599163E-01,3.678755E-01,2.833887E-01,2.100849E-01,1.495724E-01,1.021659E-01,6.703966E-02,4.202656E-02,2.518253E-02,1.422612E-02,7.630479E-03,3.761789E-03,1.698932E-03,6.931628E-04,2.404059E-04,5.708697E-05,4.252874E-06
