#,,,,,,,,,,,,,,,,,,,,,"generated_by='OpenQuake engine 3.10.0-gitd359e4d54c', start_date='2020-08-20T09:07:24', checksum=255583224, kind='mean', investigation_time=50.0, imt='SA(0.2)'"
lon,lat,depth,poe-0.0050000,poe-0.0070000,poe-0.0098000,poe-0.0137000,poe-0.0192000,poe-0.0269000,poe-0.0376000,poe-0.0527000,poe-0.0738000,poe-0.1030000,poe-0.1450000,poe-0.2030000,poe-0.2840000,poe-0.3970000,poe-0.5560000,poe-0.7780000,poe-1.0900000,poe-1.5200000,poe-2.1300000
6.00000,32.50000,0.00000,8.142125E-04,4.998034E-04,2.954079E-04,1.688897E-04,9.158863E-05,4.648419E-05,2.174421E-05,9.050594E-06,3.281957E-06,9.989046E-07,2.168835E-07,2.319694E-08,0.000000E+00,0.000000E+00,0.000000E+00,0.000000E+00,0.000000E+00,0.000000E+00,0.000000E+00
7.50000,36.00000,0.00000,0.000000E+00,0.000000E+00,0.000000E+00,0.000000E+00,0.000000E+00,0.000000E+00,0.000000E+00,0.000000E+00,0.000000E+00,0.000000E+00,0.000000E+00,0.000000E+00,0.000000E+00,0.000000E+00,0.000000E+00,0.000000E+00,0.000000E+00,0.000000E+00,0.000000E+00
