#,,,,,,,,,,,,"generated_by='OpenQuake engine 3.9.0-git73ef99aae6', start_date='2020-03-05T08:08:52', checksum=2976204575, kind='mean', investigation_time=1.0, imt='PGA'"
lon,lat,depth,poe-0.0100000,poe-0.0166810,poe-0.0278256,poe-0.0464159,poe-0.0774264,poe-0.1291550,poe-0.2154435,poe-0.3593814,poe-0.5994843,poe-1.0000000
0.00000,0.00000,-0.10000,6.709271E-01,6.133212E-01,5.384279E-01,4.279434E-01,3.067788E-01,1.835530E-01,6.589191E-02,3.075346E-02,0.000000E+00,0.000000E+00
