#,,,,"generated_by='OpenQuake engine 3.7.0-git5e91b20b88', start_date='2019-09-05T06:18:32', checksum=3257945774"
rlz_id,loss_type,unit,mean,stddev
0,structural,USD,6.050000E+02,1.388134E+03
