#,,,,,,,,,,,,,,,,,,,,,,"generated_by='OpenQuake engine 3.9.0-git4e3f16e6b0', start_date='2020-04-07T09:29:23', checksum=1557047873, kind='mean', investigation_time=1.0, imt='SA(0.5)'"
lon,lat,depth,poe-0.0050000,poe-0.0070015,poe-0.0098041,poe-0.0137286,poe-0.0192240,poe-0.0269192,poe-0.0376948,poe-0.0527836,poe-0.0739125,poe-0.1034991,poe-0.1449289,poe-0.2029427,poe-0.2841789,poe-0.3979333,poe-0.5572227,poe-0.7802743,poe-1.0926116,poe-1.5299748,poe-2.1424109,poe-3.0000000
-155.76871,21.60952,0.00000,4.642019E-02,3.836651E-02,2.972472E-02,2.140212E-02,1.405259E-02,8.238509E-03,4.186591E-03,1.749500E-03,5.609833E-04,1.269479E-04,1.616743E-05,1.565415E-07,1.495535E-09,1.820299E-11,0.000000E+00,0.000000E+00,0.000000E+00,0.000000E+00,0.000000E+00,0.000000E+00
