#,,,,,"generated_by='OpenQuake engine 3.10.0-gite9e4ce43d6', start_date='2020-09-18T04:56:19', checksum=161928523, kind='mean', investigation_time=1.0, imt='PGA'"
lon,lat,depth,poe-0.1000000,poe-0.4000000,poe-0.6000000
0.00000,0.00000,0.00000,4.391420E-01,4.872301E-02,4.091606E-03
