#,,,,,,,,,,,,,,,,,,,,,,,,,,,,,,,,,,,,,,,,,,,,,,,"generated_by='OpenQuake engine 3.10.0-git68f1076874', start_date='2020-07-14T06:36:47', checksum=47086939, kind='mean', investigation_time=50.0, imt='SA(1.0)'"
lon,lat,depth,poe-0.0050000,poe-0.0057376,poe-0.0065840,poe-0.0075552,poe-0.0086698,poe-0.0099487,poe-0.0114163,poe-0.0131004,poe-0.0150330,poe-0.0172506,poe-0.0197953,poe-0.0227155,poe-0.0260664,poe-0.0299117,poe-0.0343242,poe-0.0393876,poe-0.0451980,poe-0.0518655,poe-0.0595165,poe-0.0682963,poe-0.0783711,poe-0.0899323,poe-0.1031988,poe-0.1184225,poe-0.1358919,poe-0.1559383,poe-0.1789419,poe-0.2053390,poe-0.2356300,poe-0.2703896,poe-0.3102768,poe-0.3560480,poe-0.4085713,poe-0.4688427,poe-0.5380052,poe-0.6173704,poe-0.7084434,poe-0.8129511,poe-0.9328756,poe-1.0704911,poe-1.2284072,poe-1.4096188,poe-1.6175622,poe-1.8561809,poe-2.1300000
0.00000,0.00000,0.00000,9.999815E-01,9.999723E-01,9.999558E-01,9.999249E-01,9.998651E-01,9.997467E-01,9.995099E-01,9.990370E-01,9.981046E-01,9.963114E-01,9.929820E-01,9.870647E-01,9.770607E-01,9.610481E-01,9.368506E-01,9.023828E-01,8.561580E-01,7.977760E-01,7.281739E-01,6.496565E-01,5.657162E-01,4.804848E-01,3.978228E-01,3.212217E-01,2.530229E-01,1.944431E-01,1.460257E-01,1.070201E-01,7.651244E-02,5.339590E-02,3.634796E-02,2.406847E-02,1.551551E-02,9.695487E-03,5.838796E-03,3.396871E-03,1.873518E-03,9.903760E-04,4.893850E-04,2.078897E-04,7.600954E-05,1.744024E-05,0.000000E+00,0.000000E+00,0.000000E+00
