#,,,,,,,,,,,,,,,,,,,,,,,,,,,,,,,,,,,,,,,,,,,,,,,"generated_by='OpenQuake engine 3.10.0-git68f1076874', start_date='2020-07-14T06:36:47', checksum=47086939, kind='mean', investigation_time=50.0, imt='SA(0.1)'"
lon,lat,depth,poe-0.0050000,poe-0.0057376,poe-0.0065840,poe-0.0075552,poe-0.0086698,poe-0.0099487,poe-0.0114163,poe-0.0131004,poe-0.0150330,poe-0.0172506,poe-0.0197953,poe-0.0227155,poe-0.0260664,poe-0.0299117,poe-0.0343242,poe-0.0393876,poe-0.0451980,poe-0.0518655,poe-0.0595165,poe-0.0682963,poe-0.0783711,poe-0.0899323,poe-0.1031988,poe-0.1184225,poe-0.1358919,poe-0.1559383,poe-0.1789419,poe-0.2053390,poe-0.2356300,poe-0.2703896,poe-0.3102768,poe-0.3560480,poe-0.4085713,poe-0.4688427,poe-0.5380052,poe-0.6173704,poe-0.7084434,poe-0.8129511,poe-0.9328756,poe-1.0704911,poe-1.2284072,poe-1.4096188,poe-1.6175622,poe-1.8561809,poe-2.1300000
0.00000,0.00000,0.00000,9.999948E-01,9.999948E-01,9.999947E-01,9.999946E-01,9.999945E-01,9.999943E-01,9.999939E-01,9.999933E-01,9.999923E-01,9.999907E-01,9.999880E-01,9.999834E-01,9.999753E-01,9.999603E-01,9.999315E-01,9.998740E-01,9.997566E-01,9.995130E-01,9.990078E-01,9.979760E-01,9.959280E-01,9.920247E-01,9.849498E-01,9.728377E-01,9.533388E-01,9.238905E-01,8.822016E-01,8.268519E-01,7.578058E-01,6.767700E-01,5.870582E-01,4.932837E-01,4.006072E-01,3.137964E-01,2.367989E-01,1.719425E-01,1.199979E-01,8.033330E-02,5.170258E-02,3.173789E-02,1.860583E-02,1.025089E-02,5.307506E-03,2.506744E-03,1.072021E-03
