#,,,,,,,,,,,,,,,,,,,,,,,,,,,,,,,,,,,,,,,,,,,,,,,"generated_by='OpenQuake engine 3.10.0-git68f1076874', start_date='2020-07-14T06:36:47', checksum=47086939, kind='mean', investigation_time=50.0, imt='SA(2.0)'"
lon,lat,depth,poe-0.0050000,poe-0.0057376,poe-0.0065840,poe-0.0075552,poe-0.0086698,poe-0.0099487,poe-0.0114163,poe-0.0131004,poe-0.0150330,poe-0.0172506,poe-0.0197953,poe-0.0227155,poe-0.0260664,poe-0.0299117,poe-0.0343242,poe-0.0393876,poe-0.0451980,poe-0.0518655,poe-0.0595165,poe-0.0682963,poe-0.0783711,poe-0.0899323,poe-0.1031988,poe-0.1184225,poe-0.1358919,poe-0.1559383,poe-0.1789419,poe-0.2053390,poe-0.2356300,poe-0.2703896,poe-0.3102768,poe-0.3560480,poe-0.4085713,poe-0.4688427,poe-0.5380052,poe-0.6173704,poe-0.7084434,poe-0.8129511,poe-0.9328756,poe-1.0704911,poe-1.2284072,poe-1.4096188,poe-1.6175622,poe-1.8561809,poe-2.1300000
0.00000,0.00000,0.00000,9.984458E-01,9.971109E-01,9.947141E-01,9.905556E-01,9.836234E-01,9.725700E-01,9.557656E-01,9.314569E-01,8.980368E-01,8.544214E-01,8.003907E-01,7.367253E-01,6.651922E-01,5.884427E-01,5.097445E-01,4.323361E-01,3.590204E-01,2.919506E-01,2.326549E-01,1.818361E-01,1.393109E-01,1.046130E-01,7.697295E-02,5.562426E-02,3.933502E-02,2.722391E-02,1.837673E-02,1.210929E-02,7.779423E-03,4.845322E-03,2.905187E-03,1.681755E-03,9.291465E-04,4.829433E-04,2.229415E-04,9.175027E-05,2.662629E-05,0.000000E+00,0.000000E+00,0.000000E+00,0.000000E+00,0.000000E+00,0.000000E+00,0.000000E+00,0.000000E+00
