{
    "@context": "http://purl.imsglobal.org/ctx/caliper/v1p1",
    "action": "Viewed",
    "actor": {
        "id": "http://localhost:18000/u/honor",
        "name": "honor",
        "type": "Person"
    },
    "eventTime": "2018-10-19T07:05:58.705Z",
    "extensions": {
        "extra_fields": {
            "accept_language": "en-US,en;q=0.9",
            "agent": "Mozilla/5.0 (X11; Linux x86_64) AppleWebKit/537.36 (KHTML, like Gecko) Chrome/69.0.3497.100 Safari/537.36",
            "course_id": "course-v1:edX+E2E-101+course",
            "event_source": "browser",
            "event_type": "edx.bi.course.upgrade.sidebarupsell.displayed",
            "host": "8433fad63981",
            "ip": "172.18.0.1",
            "org_id": "edX",
            "page": "http://localhost:18000/courses/course-v1:edX+E2E-101+course/course/",
            "path": "/event",
            "user_id": 13
        }
    },
    "id": "urn:uuid:13bc41f6-8406-4006-b929-c9f1ac156ada",
    "object": {
        "extensions": {
            "courseRunKey": "course-v1:edX+E2E-101+course"
        },
        "id": "http://localhost:18000/courses/course-v1:edX+E2E-101+course/course/",
        "type": "Frame"
    },
    "referrer": {
        "id": "http://localhost:18000/courses/course-v1:edX+E2E-101+course/course/",
        "type": "WebPage"
    },
    "type": "ViewEvent"
}
