{
    "@context": "http://purl.imsglobal.org/ctx/caliper/v1p1",
    "action": "Unsubscribed",
    "actor": {
        "id": "http://localhost:18000/u/edx",
        "type": "Person",
        "name": "edx"
    },
    "eventTime": "2020-07-06T13:20:31.533Z",
    "extensions": {
        "extra_fields": {
            "accept_language": "en-US,en;q=0.9",
            "agent": "Mozilla/5.0 (Macintosh; Intel Mac OS X 10_15_4) AppleWebKit/537.36 (KHTML, like Gecko) Chrome/83.0.4103.116 Safari/537.36",
            "event_source": "server",
            "event_type": "edx.bi.user.org_email.opted_out",
            "host": "localhost:18000",
            "course_id": "",
            "ip": "172.23.0.1",
            "org_id": "",
            "page": null,
            "path": "/change_enrollment",
            "session": "5523bc0779186ad329ec7a592ac4da18",
            "user_id": 17
        }
    },
    "id": "urn:uuid:d4618c23-d612-4709-8d9a-478d87808067",
    "object": {
        "id": "http://localhost:18000/courses/course-v1:edx+cs-101+2018/about",
        "type": "CourseOffering",
        "extensions": {
            "category": "communication",
            "label": "edX_programs"
        }
    },
    "referrer": {
        "id": "http://localhost:18000/courses/course-v1:edx+cs-101+2018/about",
        "type": "WebPage"
    },
    "type": "Event"
}
