{
    "@context": "http://purl.imsglobal.org/ctx/caliper/v1p1",
    "action": "Searched",
    "actor": {
      "id": "http://localhost:18000/u/verified",
      "name": "verified",
      "type": "Person"
    },
    "eventTime": "2018-10-18T13:46:47.297Z",
    "extensions": {
      "extra_fields": {
        "accept_language": "en-US,en;q=0.9",
        "agent": "Mozilla/5.0 (X11; Linux x86_64) AppleWebKit/537.36 (KHTML, like Gecko) Chrome/69.0.3497.100 Safari/537.36",
        "course_id": "course-v1:edX+DemoX+Demo_Course",
        "course_user_tags": {},
        "event_source": "server",
        "event_type": "edx.forum.searched",
        "host": "8433fad63981",
        "ip": "172.18.0.1",
        "org_id": "edX",
        "page": null,
        "path": "/courses/course-v1:edX+DemoX+Demo_Course/discussion/forum/search",
        "session": "c8840acdd1697ed86c4a942adfde334a",
        "user_id": 8
      }
    },
    "id": "urn:uuid:cd088ca7-c044-405c-bb41-0b2a8506f907",
    "object": {
      "extensions": {
        "corrected_text": null,
        "group_id": null,
        "page": 1,
        "query": "Testing comments",
        "total_results": 0
      },
      "id": "http://localhost:18000/courses/course-v1:edX+DemoX+Demo_Course/discussion/forum/",
      "type": "Forum"
    },
    "referrer": {
      "id": "http://localhost:18000/courses/course-v1:edX+DemoX+Demo_Course/discussion/forum/",
      "type": "WebPage"
    },
    "type": "Event"
  }
