{
    "@context": "http://purl.imsglobal.org/ctx/caliper/v1p1",
    "action": "LoggedIn",
    "actor": {
        "id": "http://localhost:18000/u/honor",
        "name": "honor",
        "type": "Person"
    },
    "eventTime": "2019-01-30T09:07:03.262Z",
    "extensions": {
        "extra_fields": {
            "accept_language": "en-US,en;q=0.9",
            "agent": "Mozilla/5.0 (X11; Linux x86_64) AppleWebKit/537.36 (KHTML, like Gecko) Chrome/70.0.3538.77 Safari/537.36",
            "course_id": "",
            "event_source": "server",
            "event_type": "edx.user.login",
            "host": "427bd71e514d",
            "ip": "172.18.0.1",
            "org_id": "",
            "page": null,
            "path": "/user_api/v1/account/login_session/",
            "session": "",
            "user_id": null
        }
    },
    "id": "urn:uuid:4a725288-39af-4735-a3b4-21e2c002ac38",
    "object": {
        "extensions": {
            "email": "honor@example.com",
            "redirect_url": null,
            "remember": "true",
            "success": true,
            "user_id": 6,
            "username": "honor"
        },
        "id": "http://localhost:18000",
        "type": "SoftwareApplication"
    },
    "referrer": {
        "id": "http://localhost:18000/login?next=%2F",
        "type": "WebPage"
    },
    "type": "SessionEvent"
}