{
    "@context": "http://purl.imsglobal.org/ctx/caliper/v1p1",
    "action": "JumpedTo",
    "actor": {
        "id": "http://localhost:18000/u/verified",
        "name": "verified",
        "type": "Person"
    },
    "eventTime": "2018-12-19T09:37:17.459Z",
    "extensions": {
        "extra_fields": {
            "accept_language": "en-US,en;q=0.5",
            "agent": "Mozilla/5.0 (X11; Ubuntu; Linux x86_64; rv:64.0) Gecko/20100101 Firefox/64.0",
            "course_id": "course-v1:ABC+CS103x+2018_T2",
            "event_source": "browser",
            "event_type": "seek_video",
            "host": "lms.devstack.edx",
            "ip": "172.18.0.1",
            "org_id": "ABC",
            "page": "http://localhost:18000/courses/course-v1:ABC+CS103x+2018_T2/courseware/d9266aa5e1ef456e87b75b4f825f95e9/1e28af6317de48b3bc5d1c6c1aefa478/1?activate_block_id=block-v1%3AABC%2BCS103x%2B2018_T2%2Btype%40vertical%2Bblock%40a82c46e65c2d448b97bed53efde166dc",
            "path": "/event",
            "session": "9c64d82a5382491be568dcbcac8763c6",
            "user_id": 8
        }   
    },
    "id": "urn:uuid:ae6d890a-edd2-494a-ab46-5748f5553b71",
    "object": {
        "duration": "PT2M21S",
        "extensions": {
            "code": "3_yD_cEKoCk",
            "id": "bf17041a4448483eb6a435d619f56fdd",
            "type": "onSlideSeek"
        },
        "id": "http://localhost:18000/courses/course-v1:ABC+CS103x+2018_T2/courseware/d9266aa5e1ef456e87b75b4f825f95e9/1e28af6317de48b3bc5d1c6c1aefa478/1?activate_block_id=block-v1%3AABC%2BCS103x%2B2018_T2%2Btype%40vertical%2Bblock%40a82c46e65c2d448b97bed53efde166dc",
        "type": "VideoObject"
    },
    "referrer": {
        "id": "http://localhost:18000/courses/course-v1:ABC+CS103x+2018_T2/courseware/d9266aa5e1ef456e87b75b4f825f95e9/1e28af6317de48b3bc5d1c6c1aefa478/1?activate_block_id=block-v1%3AABC%2BCS103x%2B2018_T2%2Btype%40vertical%2Bblock%40a82c46e65c2d448b97bed53efde166dc",
        "type": "WebPage"
    },
    "target": {
        "currentTime": "PT1M17S",
        "extensions": {
            "old_time": "PT1M0.331156S"
        },
        "id": "http://localhost:18000/courses/course-v1:ABC+CS103x+2018_T2/courseware/d9266aa5e1ef456e87b75b4f825f95e9/1e28af6317de48b3bc5d1c6c1aefa478/1?activate_block_id=block-v1%3AABC%2BCS103x%2B2018_T2%2Btype%40vertical%2Bblock%40a82c46e65c2d448b97bed53efde166dc",
        "type": "MediaLocation"
    },
    "type": "MediaEvent"
}
