{
  "@context": "http://purl.imsglobal.org/ctx/caliper/v1p1",
  "action": "NavigatedTo",
  "actor": {
    "id": "http://localhost:18000/u/edx",
    "name": "edx",
    "type": "Person"
  },
  "eventTime": "2018-12-13T05:59:00.276Z",
  "extensions": {
    "extra_fields": {
      "accept_language": "en-US,en;q=0.9",
      "agent": "Mozilla/5.0 (X11; Linux x86_64) AppleWebKit/537.36 (KHTML, like Gecko) Chrome/71.0.3578.80 Safari/537.36",
      "course_id": "course-v1:PUCIT+CS520+2018_T4",
      "event_source": "browser",
      "event_type": "seq_next",
      "host": "8c3b43aa7b1b",
      "ip": "172.18.0.1",
      "name": "edx.ui.lms.sequence.next_selected",
      "org_id": "PUCIT",
      "page": "http://localhost:18000/courses/course-v1:PUCIT+CS520+2018_T4/courseware/869d2ada3f0947c78095d00d691bdf96/02f02182a6a1465ea4c996bbe56876be/1?activate_block_id=block-v1%3APUCIT%2BCS520%2B2018_T4%2Btype%40vertical%2Bblock%408795d7c4a113498fb18e1b91b61d5e46",
      "path": "/event",
      "session": "95e42e97e3b23f545334167a1acc5256",
      "user_id": 2
    }
  },
  "id": "urn:uuid:d4618c23-d612-4709-8d9a-478d87808067",
  "object": {
    "extensions": {
      "current_tab": 1,
      "id": "block-v1:PUCIT+CS520+2018_T4+type@sequential+block@02f02182a6a1465ea4c996bbe56876be",
      "new": 2,
      "old": 1,
      "tab_count": 3,
      "widget_placement": "top"
    },
    "id": "http://localhost:18000/courses/course-v1:PUCIT+CS520+2018_T4/courseware/869d2ada3f0947c78095d00d691bdf96/02f02182a6a1465ea4c996bbe56876be/1?activate_block_id=block-v1%3APUCIT%2BCS520%2B2018_T4%2Btype%40vertical%2Bblock%408795d7c4a113498fb18e1b91b61d5e46",
    "type": "WebPage"
  },
  "referrer": {
    "id": "http://localhost:18000/courses/course-v1:PUCIT+CS520+2018_T4/courseware/869d2ada3f0947c78095d00d691bdf96/02f02182a6a1465ea4c996bbe56876be/1?activate_block_id=block-v1%3APUCIT%2BCS520%2B2018_T4%2Btype%40vertical%2Bblock%408795d7c4a113498fb18e1b91b61d5e46",
    "type": "WebPage"
  },
  "type": "NavigationEvent"
}
