#,,,,,"kind='mean', risk_investigation_time=50.0"
asset_id,loss_type,loss_value,loss_ratio,return_period,annual_frequency_of_exceedence
a1,structural,5.24732E+01,5.24732E-03,1,1.00000E+00
a1,structural,5.97869E+01,5.97869E-03,2,5.00000E-01
