#,,,"generated_by='OpenQuake engine 3.9.0-gitc9a4f7bc4f', start_date='2020-03-05T07:12:08', checksum=2580132816, investigation_time=50.0, risk_investigation_time=50.0"
loss_type,loss_value,exposed_value,loss_ratio
nonstructural,1.80009E+02,5.50000E+03,3.27290E-02
structural,7.18853E+02,1.10000E+04,6.53503E-02
structural_ins,4.56270E+02,1.10000E+04,4.14791E-02
