#,,,,,,,,,,,,"generated_by='OpenQuake engine 3.10.0-gitcf3aad169c', start_date='2020-06-09T07:32:46', checksum=1741961793, kind='mean', investigation_time=1.0, imt='PGA'"
lon,lat,depth,poe-0.0500000,poe-0.0753315,poe-0.1134967,poe-0.1709976,poe-0.2576301,poe-0.3881533,poe-0.5848035,poe-0.8810827,poe-1.3274658,poe-2.0000000
-77.61460,8.44480,0.00000,8.380334E-04,4.135768E-04,1.867392E-04,8.432083E-05,3.541583E-05,9.032382E-06,4.308324E-07,1.827746E-08,4.125747E-10,2.426234E-13
-77.61470,8.44480,0.00000,9.541607E-04,4.828304E-04,2.200712E-04,9.487764E-05,3.804169E-05,1.546242E-05,6.275389E-06,1.457307E-06,1.724598E-07,1.436010E-08
-77.61480,8.44480,0.00000,7.214409E-04,3.468542E-04,1.585835E-04,7.310687E-05,2.880394E-05,8.575951E-06,7.555803E-07,6.859127E-08,2.774041E-09,2.332511E-13
