{
  "@context": "http://purl.imsglobal.org/ctx/caliper/v1p1",
  "action": "Modified",
  "actor": {
    "id": "http://localhost:18000/u/honor",
    "name": "honor",
    "type": "Person"
  },
  "eventTime": "2018-11-16T07:52:15.893Z",
  "extensions": {
    "extra_fields": {
      "accept_language": "en-US,en;q=0.9",
      "agent": "Mozilla/5.0 (X11; Linux x86_64) AppleWebKit/537.36 (KHTML, like Gecko) Chrome/69.0.3497.100 Safari/537.36",
      "event_source": "server",
      "event_type": "edx.course.enrollment.mode_changed",
      "host": "8c3b43aa7b1b",
      "ip": "172.18.0.1",
      "org_id": "PUCIT",
      "page": null,
      "path": "/change_enrollment",
      "session": "e826193d6f48613a115e4387d12e4d5d",
      "user_id": 6
    }
  },
  "id": "urn:uuid:921bd866-93ac-4ed1-a147-cdd1fe91e87f",
  "object": {
    "extensions": {
      "course_id": "course-v1:PUCIT+CS520+2018_T4",
      "mode": "honor",
      "org_id": "PUCIT"
    },
    "id": "http://localhost:18000/courses/course-v1:PUCIT+CS520+2018_T4/about",
    "type": "Membership"
  },
  "referrer": {
    "id": "http://localhost:18000/courses/course-v1:PUCIT+CS520+2018_T4/about",
    "type": "WebPage"
  },
  "type": "Event"
}
