{
  "@context": "http://purl.imsglobal.org/ctx/caliper/v1p1",
  "action": "Created",
  "actor": {
    "id": "http://localhost:18000/u/honor",
    "name": "honor",
    "type": "Person"
  },
  "eventTime": "2018-10-19T10:30:47.434Z",
  "extensions": {
    "extra_fields": {
      "accept_language": "en-US,en;q=0.5",
      "agent": "Mozilla/5.0 (X11; Ubuntu; Linux x86_64; rv:62.0) Gecko/20100101 Firefox/62.0",
      "course_id": "course-v1:edX+DemoX+Demo_Course",
      "event_source": "server",
      "event_type": "edx.team.created",
      "host": "8c3b43aa7b1b",
      "ip": "172.18.0.1",
      "org_id": "Arbisoft",
      "page": null,
      "path": "/api/team/v0/teams/",
      "session": "204cef1ca57dacb23b3ae6e76ba29ec4",
      "user_id": 6
    }
  },
  "id": "urn:uuid:d4618c23-d612-4709-8d9a-478d87808067",
  "object": {
    "extensions": {
      "team_id": "check-3429fc5983a84c8c8366a4477b03d91c"
    },
    "id": "http://localhost:18000/courses/course-v1:edX+DemoX+Demo_Course/teams/#teams/Topic1ID/check-3429fc5983a84c8c8366a4477b03d91c",
    "type": "Group"
  },
  "referrer": {
    "id": "http://localhost:18000/courses/course-v1:edX+DemoX+Demo_Course/teams/",
    "type": "WebPage"
  },
  "type": "Event"
}
