{
  "@context": "http://purl.imsglobal.org/ctx/caliper/v1p1",
  "action": "Viewed",
  "actor": {
    "id": "http://localhost:18000/u/honor",
    "name": "honor",
    "type": "Person"
  },
  "eventTime": "2018-12-18T05:33:41.534Z",
  "extensions": {
    "extra_fields": {
      "accept_language": "en;q=1.0, en;q=1.0",
      "agent": "Mozilla/5.0 (X11; Linux x86_64) AppleWebKit/537.36 (KHTML, like Gecko) Chrome/70.0.3538.102 Safari/537.36",
      "asides": {},
      "course_id": "course-v1:edX+DemoX+Demo_Course",
      "course_user_tags": {},
      "event_source": "server",
      "event_type": "xblock.poll.view_results",
      "host": "e5d2c598af1a",
      "ip": "172.18.0.1",
      "module": {
        "display_name": "Poll",
        "usage_key": "block-v1:edX+DemoX+Demo_Course+type@poll+block@59726f95514742a38f9a3f236450377e"
      },
      "org_id": "edX",
      "page": "x_module",
      "path": "/courses/course-v1:edX+DemoX+Demo_Course/xblock/block-v1:edX+DemoX+Demo_Course+type@poll+block@59726f95514742a38f9a3f236450377e/handler/get_results",
      "user_id": 6
    }
  },
  "id": "urn:uuid:3fa5fb93-1e64-4695-a953-9842e31b7da9",
  "object": {
    "id": "http://localhost:18000/courses/course-v1:edX+DemoX+Demo_Course/courseware/57cffc9e27e5494aa72444b142cc79fd/9f92c4a22f6c408d8c51cb90bdfd4fb4/1?activate_block_id=block-v1%3AedX%2BDemoX%2BDemo_Course%2Btype%40vertical%2Bblock%406a3996037a5c4119920254d8c5ecbe0e",
    "type": "Result"
  },
  "referrer": {
    "id": "http://localhost:18000/courses/course-v1:edX+DemoX+Demo_Course/courseware/57cffc9e27e5494aa72444b142cc79fd/9f92c4a22f6c408d8c51cb90bdfd4fb4/1?activate_block_id=block-v1%3AedX%2BDemoX%2BDemo_Course%2Btype%40vertical%2Bblock%406a3996037a5c4119920254d8c5ecbe0e",
    "type": "WebPage"
  },
  "type": "Event"
}
