============= ============= ====== ======== =======
return_period kind          policy taxonomy value  
240           mean          A      RC       0.04526
240           quantile-0.25 A      RC       0.04349
480           mean          A      RC       0.35984
480           quantile-0.25 A      RC       0.25790
960           mean          A      RC       0.55006
960           quantile-0.25 A      RC       0.54340
============= ============= ====== ======== =======